Microchip MPLAB XC8 Compiler V2.40

Linker command line:

-W-3 \
  --edf=C:\Program Files\Microchip\xc8\v2.40\pic\dat\20220703182018_en.msgs \
  -cn -h+dist/default/production\LEDS.X.production.sym \
  --cmf=dist/default/production\LEDS.X.production.cmf -z -Q16F1619 \
  -oC:\Users\bruno\AppData\Local\Temp\xcAsfqg.4 --defsym=__MPLAB_BUILD=1 \
  --fixupoverflow=error -Mdist/default/production/LEDS.X.production.map \
  --md=C:\Users\bruno\AppData\Local\Temp\xcAsfqg.dat -E1 -ver=XC8 Compiler \
  --acfsm=1493 -ACODE=00h-07FFhx4 -ASTRCODE=00h-01FFFh -ASTRING=00h-0FFhx32 \
  -ACONST=00h-0FFhx32 -AENTRY=00h-0FFhx32 -ACOMMON=070h-07Fh \
  -ABANK0=020h-06Fh -ABANK1=0A0h-0EFh -ABANK2=0120h-016Fh \
  -ABANK3=01A0h-01EFh -ABANK4=0220h-026Fh -ABANK5=02A0h-02EFh \
  -ABANK6=0320h-036Fh -ABANK7=03A0h-03EFh -ABANK8=0420h-046Fh \
  -ABANK9=04A0h-04EFh -ABANK10=0520h-056Fh -ABANK11=05A0h-05EFh \
  -ABANK12=0620h-064Fh -ABIGRAM=02000h-023EFh \
  -ARAM=020h-06Fh,0A0h-0EFh,0120h-016Fh,01A0h-01EFh,0220h-026Fh,02A0h-02EFh,0320h-036Fh,03A0h-03EFh,0420h-046Fh,04A0h-04EFh,0520h-056Fh,05A0h-05EFh,0620h-064Fh \
  -AABS1=020h-07Fh,0A0h-0EFh,0120h-016Fh,01A0h-01EFh,0220h-026Fh,02A0h-02EFh,0320h-036Fh,03A0h-03EFh,0420h-046Fh,04A0h-04EFh,0520h-056Fh,05A0h-05EFh,0620h-064Fh \
  -ASFR0=00h-01Fh -ASFR1=080h-09Fh -ASFR2=0100h-011Fh -ASFR3=0180h-019Fh \
  -ASFR4=0200h-021Fh -ASFR5=0280h-029Fh -ASFR6=0300h-031Fh \
  -ASFR7=0380h-039Fh -ASFR8=0400h-041Fh -ASFR9=0480h-049Fh \
  -ASFR10=0500h-051Fh -ASFR11=0580h-059Fh -ASFR12=0600h-061Fh \
  -ASFR13=0680h-06EFh -ASFR14=0700h-076Fh -ASFR15=0780h-07EFh \
  -ASFR16=0800h-086Fh -ASFR17=0880h-08EFh -ASFR18=0900h-096Fh \
  -ASFR19=0980h-09EFh -ASFR20=0A00h-0A6Fh -ASFR21=0A80h-0AEFh \
  -ASFR22=0B00h-0B6Fh -ASFR23=0B80h-0BEFh -ASFR24=0C00h-0C6Fh \
  -ASFR25=0C80h-0CEFh -ASFR26=0D00h-0D6Fh -ASFR27=0D80h-0DEFh \
  -ASFR28=0E00h-0E6Fh -ASFR29=0E80h-0EEFh -ASFR30=0F00h-0F6Fh \
  -ASFR31=0F80h-0FEFh -ACONFIG=08007h-08009h -DCONFIG=2 \
  -AIDLOC=08000h-08003h -DIDLOC=2 -DCODE=2 -DSTRCODE=2 -DSTRING=2 -DCONST=2 \
  -DENTRY=2 -preset_vec=00h,intentry=04h,init,end_init -ppowerup=CODE \
  -pcinit=CODE -pfunctab=ENTRY -k \
  C:\Users\bruno\AppData\Local\Temp\xcAsfqg.o \
  dist/default/production\LEDS.X.production.o 

Object code version is 3.11

Machine type is 16F1619



                Name                               Link     Load   Length Selector   Space Scale
C:\Users\bruno\AppData\Local\Temp\xcAsfqg.o
                end_init                             1B       1B        2        8       0
                reset_vec                             0        0        2        0       0
                config                             8007     8007        3        0       4
                idloc                              8000     8000        4        0       5
dist/default/production\LEDS.X.production.o
                cinit                                1D       1D       21        8       0
                intentry                              4        4       17        8       0
                config                             8007     8007        3        0       4
                idloc                              8000     8000        4        0       5
                text23                              353      353       18        8       0
                text22                              3E1      3E1        4      7BA       0
                text21                              3E5      3E5        1      7BA       0
                text20                              3DD      3DD        4      7BA       0
                text19                              282      282       39        8       0
                text17                              3CF      3CF        6        8       0
                text16                              3C9      3C9        6        8       0
                text15                              3C3      3C3        6        8       0
                text14                              3BD      3BD        6        8       0
                text13                              2EC      2EC       30        8       0
                text12                              3A4      3A4        7        8       0
                text11                              2BB      2BB       31        8       0
                text10                              39A      39A        A        8       0
                text9                               390      390        A        8       0
                text8                               3B7      3B7        6        8       0
                text7                               241      241       41        8       0
                text6                               36B      36B       17        8       0
                text5                                E2       E2       91        8       0
                text4                               1E5      1E5       5C        8       0
                text3                                3E       3E       A4        8       0
                text2                               31C      31C       1C        8       0
                text1                               382      382        E        8       0
                maintext                            173      173       72        8       0
                cstackBANK0                          20       20       3C       20       1
                cstackCOMMON                         70       70        C       70       1
                clrtext                             3B1      3B1        6        8       0
                inittext                            3AB      3AB        6        8       0
                dataBANK1                            C8       C8       1B       A0       1
                bssBANK1                             A0       A0       28       A0       1
                bssBANK0                             5C       5C       10       20       1
                bssCOMMON                            7C       7C        1       70       1
                stringtext2                         3D9      3D9        4      7AA       0
                stringtext1                         3D5      3D5        4      7AA       0
                nvBANK1                              E3       E3        4       A0       1
                nvBANK0                              6C       6C        4       20       1
                idataBANK1                          338      338       1B        8       0

TOTAL           Name                               Link     Load   Length     Space
        CLASS   CODE           
                end_init                             1B       1B        2         0
                cinit                                1D       1D       21         0
                intentry                              4        4       17         0
                reset_vec                             0        0        2         0
                text23                              353      353       18         0
                text22                              3E1      3E1        4         0
                text21                              3E5      3E5        1         0
                text20                              3DD      3DD        4         0
                text19                              282      282       39         0
                text17                              3CF      3CF        6         0
                text16                              3C9      3C9        6         0
                text15                              3C3      3C3        6         0
                text14                              3BD      3BD        6         0
                text13                              2EC      2EC       30         0
                text12                              3A4      3A4        7         0
                text11                              2BB      2BB       31         0
                text10                              39A      39A        A         0
                text9                               390      390        A         0
                text8                               3B7      3B7        6         0
                text7                               241      241       41         0
                text6                               36B      36B       17         0
                text5                                E2       E2       91         0
                text4                               1E5      1E5       5C         0
                text3                                3E       3E       A4         0
                text2                               31C      31C       1C         0
                text1                               382      382        E         0
                maintext                            173      173       72         0
                clrtext                             3B1      3B1        6         0
                inittext                            3AB      3AB        6         0
                idataBANK1                          338      338       1B         0

        CLASS   STRCODE        
                stringtext2                         3D9      3D9        4         0
                stringtext1                         3D5      3D5        4         0

        CLASS   STRING         

        CLASS   CONST          

        CLASS   ENTRY          

        CLASS   COMMON         
                cstackCOMMON                         70       70        C         1
                bssCOMMON                            7C       7C        1         1

        CLASS   BANK0          
                cstackBANK0                          20       20       3C         1
                bssBANK0                             5C       5C       10         1
                nvBANK0                              6C       6C        4         1

        CLASS   BANK1          
                dataBANK1                            C8       C8       1B         1
                bssBANK1                             A0       A0       28         1
                nvBANK1                              E3       E3        4         1

        CLASS   BANK2          

        CLASS   BANK3          

        CLASS   BANK4          

        CLASS   BANK5          

        CLASS   BANK6          

        CLASS   BANK7          

        CLASS   BANK8          

        CLASS   BANK9          

        CLASS   BANK10         

        CLASS   BANK11         

        CLASS   BANK12         

        CLASS   BIGRAM         

        CLASS   RAM            

        CLASS   ABS1           
                abs_s1                               7E       7E        2         1

        CLASS   SFR0           

        CLASS   SFR1           

        CLASS   SFR2           

        CLASS   SFR3           

        CLASS   SFR4           

        CLASS   SFR5           

        CLASS   SFR6           

        CLASS   SFR7           

        CLASS   SFR8           

        CLASS   SFR9           

        CLASS   SFR10          

        CLASS   SFR11          

        CLASS   SFR12          

        CLASS   SFR13          

        CLASS   SFR14          

        CLASS   SFR15          

        CLASS   SFR16          

        CLASS   SFR17          

        CLASS   SFR18          

        CLASS   SFR19          

        CLASS   SFR20          

        CLASS   SFR21          

        CLASS   SFR22          

        CLASS   SFR23          

        CLASS   SFR24          

        CLASS   SFR25          

        CLASS   SFR26          

        CLASS   SFR27          

        CLASS   SFR28          

        CLASS   SFR29          

        CLASS   SFR30          

        CLASS   SFR31          

        CLASS   CONFIG         
                config                             8007     8007        3         4

        CLASS   IDLOC          
                idloc                              8000     8000        4         5

        CLASS   BANK31         

        CLASS   BANK30         

        CLASS   BANK29         

        CLASS   BANK28         

        CLASS   BANK27         

        CLASS   BANK26         

        CLASS   BANK25         

        CLASS   BANK24         

        CLASS   BANK23         

        CLASS   BANK22         

        CLASS   BANK21         

        CLASS   BANK20         

        CLASS   BANK19         

        CLASS   BANK18         

        CLASS   BANK17         

        CLASS   BANK16         

        CLASS   BANK15         

        CLASS   BANK14         

        CLASS   BANK13         

        CLASS   HEAP           

        CLASS   STACK          

        CLASS   EEDATA         



SEGMENTS        Name                           Load    Length   Top    Selector   Space  Class     Delta

                reset_vec                      000000  000002  000002         0       0  CODE        2
                intentry                       000004  0003D1  0003D5         8       0  CODE        2
                cstackBANK0                    000020  000050  000070        20       1  BANK0       1
                cstackCOMMON                   000070  00000D  00007D        70       1  COMMON      1
                bssBANK1                       0000A0  000047  0000E7        A0       1  BANK1       1
                stringtext1                    0003D5  000008  0003DD       7AA       0  STRCODE     2
                text20                         0003DD  000009  0003E6       7BA       0  CODE        2


UNUSED ADDRESS RANGES

        Name                Unused          Largest block    Delta
        BANK1            000E7-000EF               9           1
        BANK10           00520-0056F              50           1
        BANK11           005A0-005EF              50           1
        BANK12           00620-0064F              30           1
        BANK2            00120-0016F              50           1
        BANK3            001A0-001EF              50           1
        BANK4            00220-0026F              50           1
        BANK5            002A0-002EF              50           1
        BANK6            00320-0036F              50           1
        BANK7            003A0-003EF              50           1
        BANK8            00420-0046F              50           1
        BANK9            004A0-004EF              50           1
        BIGRAM           02000-023EF             3F0           1
        CODE             00002-00003               2           2
                         003E6-01FFF             800
        COMMON           0007D-0007D               1           1
        CONST            00002-00003               2           2
                         003E6-01FFF             100
        ENTRY            00002-00003               2           2
                         003E6-01FFF             100
        RAM              000E7-000EF               9           1
                         00120-0016F              50
                         001A0-001EF              50
                         00220-0026F              50
                         002A0-002EF              50
                         00320-0036F              50
                         003A0-003EF              50
                         00420-0046F              50
                         004A0-004EF              50
                         00520-0056F              50
                         005A0-005EF              50
                         00620-0064F              30
        SFR0             00000-0001F              20           1
        SFR1             00080-0009F              20           1
        SFR10            00500-0051F              20           1
        SFR11            00580-0059F              20           1
        SFR12            00600-0061F              20           1
        SFR13            00680-006EF              70           1
        SFR14            00700-0076F              70           1
        SFR15            00780-007EF              70           1
        SFR16            00800-0086F              70           1
        SFR17            00880-008EF              70           1
        SFR18            00900-0096F              70           1
        SFR19            00980-009EF              70           1
        SFR2             00100-0011F              20           1
        SFR20            00A00-00A6F              70           1
        SFR21            00A80-00AEF              70           1
        SFR22            00B00-00B6F              70           1
        SFR23            00B80-00BEF              70           1
        SFR24            00C00-00C6F              70           1
        SFR25            00C80-00CEF              70           1
        SFR26            00D00-00D6F              70           1
        SFR27            00D80-00DEF              70           1
        SFR28            00E00-00E6F              70           1
        SFR29            00E80-00EEF              70           1
        SFR3             00180-0019F              20           1
        SFR30            00F00-00F6F              70           1
        SFR31            00F80-00FEF              70           1
        SFR4             00200-0021F              20           1
        SFR5             00280-0029F              20           1
        SFR6             00300-0031F              20           1
        SFR7             00380-0039F              20           1
        SFR8             00400-0041F              20           1
        SFR9             00480-0049F              20           1
        STRCODE          00002-00003               2           2
                         003E6-01FFF            1C1A
        STRING           00002-00003               2           2
                         003E6-01FFF             100

                                  Symbol Table

?_printf                                       cstackBANK0  00043
?_strlen                                       cstackCOMMON 00071
?_strncmp                                      cstackCOMMON 00071
?_vfprintf                                     cstackBANK0  0003C
EUSART_SetErrorHandler@interruptHandler        cstackCOMMON 00071
EUSART_SetFramingErrorHandler@interruptHandler cstackCOMMON 00071
EUSART_SetOverrunErrorHandler@interruptHandler cstackCOMMON 00071
EUSART_SetRxInterruptHandler@interruptHandler  cstackCOMMON 00071
EUSART_Write@txData                            cstackCOMMON 00071
_ANSELA                                        (abs)        0018C
_ANSELB                                        (abs)        0018D
_ANSELC                                        (abs)        0018E
_BAUD1CON                                      (abs)        0019F
_BORCON                                        (abs)        00116
_EUSART_DefaultErrorHandler                    text22       003E1
_EUSART_DefaultFramingErrorHandler             text21       003E5
_EUSART_DefaultOverrunErrorHandler             text20       003DD
_EUSART_ErrorHandler                           nvBANK1      000E3
_EUSART_FramingErrorHandler                    nvBANK0      0006C
_EUSART_Initialize                             text13       002EC
_EUSART_OverrunErrorHandler                    nvBANK1      000E5
_EUSART_Receive_ISR                            text19       00282
_EUSART_RxDataHandler                          text23       00353
_EUSART_RxDefaultInterruptHandler              nvBANK0      0006E
_EUSART_SetErrorHandler                        text17       003CF
_EUSART_SetFramingErrorHandler                 text16       003C9
_EUSART_SetOverrunErrorHandler                 text15       003C3
_EUSART_SetRxInterruptHandler                  text14       003BD
_EUSART_Write                                  text9        00390
_INLVLA                                        (abs)        0038C
_INLVLB                                        (abs)        0038D
_INLVLC                                        (abs)        0038E
_INTCONbits                                    (abs)        0000B
_INTERRUPT_InterruptManager                    intentry     00004
_LATA                                          (abs)        0010C
_LATAbits                                      (abs)        0010C
_LATB                                          (abs)        0010D
_LATC                                          (abs)        0010E
_LATCbits                                      (abs)        0010E
_ODCONA                                        (abs)        0028C
_ODCONB                                        (abs)        0028D
_ODCONC                                        (abs)        0028E
_OPTION_REGbits                                (abs)        00095
_OSCCON                                        (abs)        00099
_OSCILLATOR_Initialize                         text12       003A4
_OSCTUNE                                       (abs)        00098
_PIE1bits                                      (abs)        00090
_PIN_MANAGER_Initialize                        text11       002BB
_PIR1bits                                      (abs)        00010
_RB7PPS                                        (abs)        00E9F
_RC1REG                                        (abs)        00199
_RC1STA                                        (abs)        0019D
_RC1STAbits                                    (abs)        0019D
_RXPPS                                         (abs)        00E24
_SLRCONA                                       (abs)        0030C
_SLRCONB                                       (abs)        0030D
_SLRCONC                                       (abs)        0030E
_SPBRGH                                        (abs)        0019C
_SPBRGL                                        (abs)        0019B
_SYSTEM_Initialize                             text10       0039A
_TRISA                                         (abs)        0008C
_TRISB                                         (abs)        0008D
_TRISC                                         (abs)        0008E
_TX1REG                                        (abs)        0019A
_TX1STA                                        (abs)        0019E
_TX1STAbits                                    (abs)        0019E
_WPUA                                          (abs)        0020C
_WPUB                                          (abs)        0020D
_WPUC                                          (abs)        0020E
__Habs1                                        abs1         00000
__Hbank0                                       bank0        00000
__Hbank1                                       bank1        00000
__Hbank10                                      bank10       00000
__Hbank11                                      bank11       00000
__Hbank12                                      bank12       00000
__Hbank13                                      bank13       00000
__Hbank14                                      bank14       00000
__Hbank15                                      bank15       00000
__Hbank16                                      bank16       00000
__Hbank17                                      bank17       00000
__Hbank18                                      bank18       00000
__Hbank19                                      bank19       00000
__Hbank2                                       bank2        00000
__Hbank20                                      bank20       00000
__Hbank21                                      bank21       00000
__Hbank22                                      bank22       00000
__Hbank23                                      bank23       00000
__Hbank24                                      bank24       00000
__Hbank25                                      bank25       00000
__Hbank26                                      bank26       00000
__Hbank27                                      bank27       00000
__Hbank28                                      bank28       00000
__Hbank29                                      bank29       00000
__Hbank3                                       bank3        00000
__Hbank30                                      bank30       00000
__Hbank31                                      bank31       00000
__Hbank4                                       bank4        00000
__Hbank5                                       bank5        00000
__Hbank6                                       bank6        00000
__Hbank7                                       bank7        00000
__Hbank8                                       bank8        00000
__Hbank9                                       bank9        00000
__Hbigram                                      bigram       00000
__HbssBANK0                                    bssBANK0     00000
__HbssBANK1                                    bssBANK1     00000
__HbssCOMMON                                   bssCOMMON    00000
__Hcinit                                       cinit        0003E
__Hclrtext                                     clrtext      00000
__Hcode                                        code         00000
__Hcommon                                      common       00000
__Hconfig                                      config       0800A
__HcstackBANK0                                 cstackBANK0  00000
__HcstackCOMMON                                cstackCOMMON 00000
__HdataBANK1                                   dataBANK1    00000
__Heeprom_data                                 eeprom_data  00000
__Hend_init                                    end_init     0001D
__Hfunctab                                     functab      00000
__Hheap                                        heap         00000
__HidataBANK1                                  idataBANK1   00000
__Hidloc                                       idloc        08004
__Hinit                                        init         0001B
__Hinittext                                    inittext     00000
__Hintentry                                    intentry     0001B
__Hmaintext                                    maintext     00000
__HnvBANK0                                     nvBANK0      00000
__HnvBANK1                                     nvBANK1      00000
__Hpowerup                                     powerup      00000
__Hram                                         ram          00000
__Hreset_vec                                   reset_vec    00002
__Hsfr0                                        sfr0         00000
__Hsfr1                                        sfr1         00000
__Hsfr10                                       sfr10        00000
__Hsfr11                                       sfr11        00000
__Hsfr12                                       sfr12        00000
__Hsfr13                                       sfr13        00000
__Hsfr14                                       sfr14        00000
__Hsfr15                                       sfr15        00000
__Hsfr16                                       sfr16        00000
__Hsfr17                                       sfr17        00000
__Hsfr18                                       sfr18        00000
__Hsfr19                                       sfr19        00000
__Hsfr2                                        sfr2         00000
__Hsfr20                                       sfr20        00000
__Hsfr21                                       sfr21        00000
__Hsfr22                                       sfr22        00000
__Hsfr23                                       sfr23        00000
__Hsfr24                                       sfr24        00000
__Hsfr25                                       sfr25        00000
__Hsfr26                                       sfr26        00000
__Hsfr27                                       sfr27        00000
__Hsfr28                                       sfr28        00000
__Hsfr29                                       sfr29        00000
__Hsfr3                                        sfr3         00000
__Hsfr30                                       sfr30        00000
__Hsfr31                                       sfr31        00000
__Hsfr4                                        sfr4         00000
__Hsfr5                                        sfr5         00000
__Hsfr6                                        sfr6         00000
__Hsfr7                                        sfr7         00000
__Hsfr8                                        sfr8         00000
__Hsfr9                                        sfr9         00000
__Hspace_0                                     (abs)        003E6
__Hspace_1                                     (abs)        000E7
__Hspace_2                                     (abs)        00000
__Hspace_3                                     (abs)        00000
__Hspace_4                                     (abs)        10011
__Hstack                                       stack        00000
__Hstrings                                     strings      00000
__Hstringtext1                                 stringtext1  00000
__Hstringtext2                                 stringtext2  00000
__Hstringtext3                                 stringtext3  00000
__Htext                                        text         00000
__Labs1                                        abs1         00000
__Lbank0                                       bank0        00000
__Lbank1                                       bank1        00000
__Lbank10                                      bank10       00000
__Lbank11                                      bank11       00000
__Lbank12                                      bank12       00000
__Lbank13                                      bank13       00000
__Lbank14                                      bank14       00000
__Lbank15                                      bank15       00000
__Lbank16                                      bank16       00000
__Lbank17                                      bank17       00000
__Lbank18                                      bank18       00000
__Lbank19                                      bank19       00000
__Lbank2                                       bank2        00000
__Lbank20                                      bank20       00000
__Lbank21                                      bank21       00000
__Lbank22                                      bank22       00000
__Lbank23                                      bank23       00000
__Lbank24                                      bank24       00000
__Lbank25                                      bank25       00000
__Lbank26                                      bank26       00000
__Lbank27                                      bank27       00000
__Lbank28                                      bank28       00000
__Lbank29                                      bank29       00000
__Lbank3                                       bank3        00000
__Lbank30                                      bank30       00000
__Lbank31                                      bank31       00000
__Lbank4                                       bank4        00000
__Lbank5                                       bank5        00000
__Lbank6                                       bank6        00000
__Lbank7                                       bank7        00000
__Lbank8                                       bank8        00000
__Lbank9                                       bank9        00000
__Lbigram                                      bigram       00000
__LbssBANK0                                    bssBANK0     00000
__LbssBANK1                                    bssBANK1     00000
__LbssCOMMON                                   bssCOMMON    00000
__Lcinit                                       cinit        0001D
__Lclrtext                                     clrtext      00000
__Lcode                                        code         00000
__Lcommon                                      common       00000
__Lconfig                                      config       00000
__LcstackBANK0                                 cstackBANK0  00000
__LcstackCOMMON                                cstackCOMMON 00000
__LdataBANK1                                   dataBANK1    00000
__Leeprom_data                                 eeprom_data  00000
__Lend_init                                    end_init     0001B
__Lfunctab                                     functab      00000
__Lheap                                        heap         00000
__LidataBANK1                                  idataBANK1   00000
__Lidloc                                       idloc        00000
__Linit                                        init         0001B
__Linittext                                    inittext     00000
__Lintentry                                    intentry     00004
__Lmaintext                                    maintext     00000
__LnvBANK0                                     nvBANK0      00000
__LnvBANK1                                     nvBANK1      00000
__Lpowerup                                     powerup      00000
__Lram                                         ram          00000
__Lreset_vec                                   reset_vec    00000
__Lsfr0                                        sfr0         00000
__Lsfr1                                        sfr1         00000
__Lsfr10                                       sfr10        00000
__Lsfr11                                       sfr11        00000
__Lsfr12                                       sfr12        00000
__Lsfr13                                       sfr13        00000
__Lsfr14                                       sfr14        00000
__Lsfr15                                       sfr15        00000
__Lsfr16                                       sfr16        00000
__Lsfr17                                       sfr17        00000
__Lsfr18                                       sfr18        00000
__Lsfr19                                       sfr19        00000
__Lsfr2                                        sfr2         00000
__Lsfr20                                       sfr20        00000
__Lsfr21                                       sfr21        00000
__Lsfr22                                       sfr22        00000
__Lsfr23                                       sfr23        00000
__Lsfr24                                       sfr24        00000
__Lsfr25                                       sfr25        00000
__Lsfr26                                       sfr26        00000
__Lsfr27                                       sfr27        00000
__Lsfr28                                       sfr28        00000
__Lsfr29                                       sfr29        00000
__Lsfr3                                        sfr3         00000
__Lsfr30                                       sfr30        00000
__Lsfr31                                       sfr31        00000
__Lsfr4                                        sfr4         00000
__Lsfr5                                        sfr5         00000
__Lsfr6                                        sfr6         00000
__Lsfr7                                        sfr7         00000
__Lsfr8                                        sfr8         00000
__Lsfr9                                        sfr9         00000
__Lspace_0                                     (abs)        00000
__Lspace_1                                     (abs)        00000
__Lspace_2                                     (abs)        00000
__Lspace_3                                     (abs)        00000
__Lspace_4                                     (abs)        00000
__Lstack                                       stack        00000
__Lstrings                                     strings      00000
__Lstringtext1                                 stringtext1  00000
__Lstringtext2                                 stringtext2  00000
__Lstringtext3                                 stringtext3  00000
__Ltext                                        text         00000
__S0                                           (abs)        003E6
__S1                                           (abs)        000E7
___heap_hi                                     (abs)        00000
___heap_lo                                     (abs)        00000
___int_sp                                      stack        00000
___latbits                                     (abs)        00002
___sp                                          stack        00000
___stackhi                                     (abs)        00000
___stacklo                                     (abs)        00000
__end_of_EUSART_DefaultErrorHandler            text22       003E5
__end_of_EUSART_DefaultFramingErrorHandler     text21       003E6
__end_of_EUSART_DefaultOverrunErrorHandler     text20       003E1
__end_of_EUSART_Initialize                     text13       0031C
__end_of_EUSART_Receive_ISR                    text19       002BB
__end_of_EUSART_RxDataHandler                  text23       0036B
__end_of_EUSART_SetErrorHandler                text17       003D5
__end_of_EUSART_SetFramingErrorHandler         text16       003CF
__end_of_EUSART_SetOverrunErrorHandler         text15       003C9
__end_of_EUSART_SetRxInterruptHandler          text14       003C3
__end_of_EUSART_Write                          text9        0039A
__end_of_INTERRUPT_InterruptManager            intentry     0001B
__end_of_OSCILLATOR_Initialize                 text12       003AB
__end_of_PIN_MANAGER_Initialize                text11       002EC
__end_of_SYSTEM_Initialize                     text10       003A4
__end_of__initialization                       cinit        0003A
__end_of_fputc                                 text7        00282
__end_of_main                                  maintext     001E5
__end_of_printf                                text1        00390
__end_of_putch                                 text8        003BD
__end_of_stoa                                  text5        00173
__end_of_strlen                                text6        00382
__end_of_strncmp                               text4        00241
__end_of_vfpfcnvrt                             text3        000E2
__end_of_vfprintf                              text2        00338
__initialization                               cinit        0001D
__pbssBANK0                                    bssBANK0     0005C
__pbssBANK1                                    bssBANK1     000A0
__pbssCOMMON                                   bssCOMMON    0007C
__pcstackBANK0                                 cstackBANK0  00020
__pcstackCOMMON                                cstackCOMMON 00070
__pdataBANK1                                   dataBANK1    000C8
__pidataBANK1                                  idataBANK1   00338
__pintentry                                    intentry     00004
__pmaintext                                    maintext     00173
__pnvBANK0                                     nvBANK0      0006C
__pnvBANK1                                     nvBANK1      000E3
__pstringtext1                                 stringtext1  003D5
__pstringtext2                                 stringtext2  003D9
__pstringtext3                                 stringtext3  00000
__ptext1                                       text1        00382
__ptext10                                      text10       0039A
__ptext11                                      text11       002BB
__ptext12                                      text12       003A4
__ptext13                                      text13       002EC
__ptext14                                      text14       003BD
__ptext15                                      text15       003C3
__ptext16                                      text16       003C9
__ptext17                                      text17       003CF
__ptext19                                      text19       00282
__ptext2                                       text2        0031C
__ptext20                                      text20       003DD
__ptext21                                      text21       003E5
__ptext22                                      text22       003E1
__ptext23                                      text23       00353
__ptext3                                       text3        0003E
__ptext4                                       text4        001E5
__ptext5                                       text5        000E2
__ptext6                                       text6        0036B
__ptext7                                       text7        00241
__ptext8                                       text8        003B7
__ptext9                                       text9        00390
_eusartRxBuffer                                bssBANK1     000C0
_eusartRxCount                                 bssBANK0     0006A
_eusartRxHead                                  bssCOMMON    0007C
_eusartRxLastError                             bssBANK0     00069
_eusartRxStatusBuffer                          bssBANK0     0005C
_eusartRxTail                                  bssBANK0     0006B
_flags                                         bssBANK0     00068
_fputc                                         text7        00241
_main                                          maintext     00173
_prec                                          bssBANK0     00066
_printf                                        text1        00382
_putch                                         text8        003B7
_stoa                                          text5        000E2
_strlen                                        text6        0036B
_strncmp                                       text4        001E5
_vfpfcnvrt                                     text3        0003E
_vfpfcnvrt$896                                 cstackBANK0  00039
_vfprintf                                      text2        0031C
_width                                         bssBANK0     00064
btemp                                          (abs)        0007E
clear_ram0                                     clrtext      003B1
end_of_initialization                          cinit        0003A
fputc@c                                        cstackCOMMON 00073
fputc@fp                                       cstackCOMMON 00075
init_ram                                       inittext     003AB
int$flags                                      (abs)        0007E
intlevel0                                      functab      00000
intlevel1                                      functab      00000
intlevel2                                      functab      00000
intlevel3                                      functab      00000
intlevel4                                      functab      00000
intlevel5                                      functab      00000
main@F9995                                     dataBANK1    000C8
main@array                                     cstackBANK0  00048
printf@ap                                      cstackBANK0  00046
printf@fmt                                     cstackBANK0  00043
putch@txData                                   cstackCOMMON 00072
reset_vec                                      reset_vec    00000
start                                          init         0001B
start_initialization                           cinit        0001D
stoa@F1144                                     dataBANK1    000DC
stoa@cp                                        cstackBANK0  00030
stoa@fp                                        cstackBANK0  0002D
stoa@i                                         cstackBANK0  0002B
stoa@l                                         cstackBANK0  0002E
stoa@nuls                                      cstackBANK0  00022
stoa@p                                         cstackBANK0  00031
stoa@s                                         cstackCOMMON 0007B
stoa@w                                         cstackBANK0  00029
strlen@a                                       cstackCOMMON 00074
strlen@s                                       cstackCOMMON 00075
strncmp@_l                                     cstackCOMMON 00071
strncmp@_r                                     cstackCOMMON 00073
strncmp@l                                      cstackCOMMON 00078
strncmp@n                                      cstackCOMMON 00075
strncmp@r                                      cstackCOMMON 0007A
vfpfcnvrt@ap                                   cstackBANK0  00034
vfpfcnvrt@fmt                                  cstackBANK0  00033
vfpfcnvrt@fp                                   cstackBANK0  0003B
vfprintf@ap                                    cstackBANK0  0003E
vfprintf@cfmt                                  cstackBANK0  00041
vfprintf@fmt                                   cstackBANK0  0003C
vfprintf@fp                                    cstackBANK0  00040
wtemp0                                         (abs)        0007E


MODULE INFORMATION

Module		Function		Class		Link	Load	Size
C:\Program Files\Microchip\xc8\v2.40\pic\sources\c99\common\nf_fputc.c
		_fputc         		CODE           	0241	0000	65

C:\Program Files\Microchip\xc8\v2.40\pic\sources\c99\common\nf_fputc.c estimated size: 65

C:\Program Files\Microchip\xc8\v2.40\pic\sources\c99\common\strncmp.c
		_strncmp       		CODE           	01E5	0000	92

C:\Program Files\Microchip\xc8\v2.40\pic\sources\c99\common\strncmp.c estimated size: 92

mcc_generated_files/interrupt_manager.c
		_INTERRUPT_InterruptManager		CODE           	0004	0000	23

mcc_generated_files/interrupt_manager.c estimated size: 23

C:\Program Files\Microchip\xc8\v2.40\pic\sources\c99\common\printf.c
		_printf        		CODE           	0382	0000	14

C:\Program Files\Microchip\xc8\v2.40\pic\sources\c99\common\printf.c estimated size: 14

mcc_generated_files/pin_manager.c
		_PIN_MANAGER_Initialize		CODE           	02BB	0000	49

mcc_generated_files/pin_manager.c estimated size: 49

C:\Program Files\Microchip\xc8\v2.40\pic\sources\c99\common\strlen.c
		_strlen        		CODE           	036B	0000	23

C:\Program Files\Microchip\xc8\v2.40\pic\sources\c99\common\strlen.c estimated size: 23

shared
		__initialization		CODE           	001D	0000	29

shared estimated size: 29

mcc_generated_files/mcc.c
		_OSCILLATOR_Initialize		CODE           	03A4	0000	7
		_SYSTEM_Initialize		CODE           	039A	0000	10

mcc_generated_files/mcc.c estimated size: 17

C:\Program Files\Microchip\xc8\v2.40\pic\sources\c99\common\doprnt.c
		_vfpfcnvrt     		CODE           	003E	0000	164
		_vfprintf      		CODE           	031C	0000	28
		_stoa          		CODE           	00E2	0000	145

C:\Program Files\Microchip\xc8\v2.40\pic\sources\c99\common\doprnt.c estimated size: 337

mcc_generated_files/eusart.c
		_EUSART_SetRxInterruptHandler		CODE           	03BD	0000	6
		_putch         		CODE           	03B7	0000	6
		_EUSART_DefaultOverrunErrorHandler		CODE           	03DD	0000	4
		_EUSART_Write  		CODE           	0390	0000	10
		_EUSART_DefaultErrorHandler		CODE           	03E1	0000	4
		_EUSART_Initialize		CODE           	02EC	0000	48
		_EUSART_SetFramingErrorHandler		CODE           	03C9	0000	6
		_EUSART_SetErrorHandler		CODE           	03CF	0000	6
		_EUSART_SetOverrunErrorHandler		CODE           	03C3	0000	6
		_EUSART_Receive_ISR		CODE           	0282	0000	57
		_EUSART_RxDataHandler		CODE           	0353	0000	24
		_EUSART_DefaultFramingErrorHandler		CODE           	03E5	0000	1

mcc_generated_files/eusart.c estimated size: 178

main.c
		_main          		CODE           	0173	0000	114

main.c estimated size: 114

